// Jest Snapshot v1, https://goo.gl/fbAQLP

exports[`AppliedPromotion match snapshot 1`] = `
<DocumentFragment>
  <div
    class="promo"
  >
    <div
      class="promoType line"
    >
      Начисление баллов
    </div>
    <div
      class="inline line"
    >
      <div
        class="half"
      >
        <div
          class="name"
        >
          Название акции
        </div>
        <div
          class="value line"
        >
          Новая акция
        </div>
      </div>
      <div
        class="half"
      >
        <div
          class="name"
        >
          Сумма
        </div>
        <div
          class="promoValue"
        >
          1,180,401.2 ₽
        </div>
        <div
          class="line"
        >
          <div
            class="name"
          >
            До
          </div>
          <div
            class="value"
          >
            February 14, 2017
          </div>
        </div>
      </div>
    </div>
    <div
      class="  line"
    >
      <div
        class="line"
      >
        <div
          class="name"
        >
          Примененный промокод
        </div>
        <div
          class="value"
        >
          ABC12345
        </div>
        <div
          class="status neutral"
        >
          Из пула: Новый пул промокодов
        </div>
      </div>
      <div
        class="line"
      >
        <div
          class="name"
        >
          Балльный счет
        </div>
        <div
          class="value"
        >
          tmtk1GOB
        </div>
        <div
          class="status neutral"
        >
          Сис имя: ojbLVRsD
        </div>
      </div>
    </div>
    <div
      class="line promoFooter"
    >
      <div
        class="promoDetail"
      >
        MB ID: 1043337289
      </div>
      <div
        class="promoDetail"
      >
        Ext ID: promotion-1
      </div>
      <div
        class="promoDetail"
      >
        mindbox
      </div>
    </div>
  </div>
</DocumentFragment>
`;
